A-D B-C C-D B-E
A-B B-C C-D B-E
A-B A-D C-D B-E
A-B A-D B-C B-E
A-C B-C A-D B-E
A-C A-B A-D B-E
A-C A-B C-D B-E
A-C C-D B-C B-E
B-D A-B B-C B-E
B-D A-B C-D B-E
B-D A-D C-D B-E
B-D A-D B-C B-E
A-C B-D A-B B-E
A-C B-D B-C B-E
A-C B-D C-D B-E
A-C B-D A-D B-E
