A-D B-C C-D
A-B B-C C-D
A-B A-D C-D
A-B A-D B-C
A-C B-C A-D
A-C A-B A-D
A-C A-B C-D
A-C C-D B-C
B-D A-B B-C
B-D A-B C-D
B-D A-D C-D
B-D A-D B-C
A-C B-D A-B
A-C B-D B-C
A-C B-D C-D
A-C B-D A-D
