A-D B-C C-D
A-B B-C C-D
A-B A-D C-D
A-B A-D B-C
A-C B-C A-D
A-C A-B A-D
A-C A-B C-D
A-C C-D B-C
