C-D B-C A-D
C-D B-C A-C
C-D B-C A-B
C-D A-D A-B
C-D A-C A-B
B-C A-D A-C
B-C A-D A-B
A-D A-C A-B
